
  Utilities.vcxproj -> c:\proj\c\MesenCE-Squeedo\bin\win-x64\Release\Utilities.lib
  DirectInputManager.cpp
  DirectSoundManager.cpp
  Renderer.cpp
  WasapiSoundManager.cpp
  XInputManager.cpp
  BaseEventManager.cpp
  BreakpointManager.cpp
  CallstackManager.cpp
  CdlManager.cpp
  CodeDataLogger.cpp
  Debugger.cpp
  Disassembler.cpp
  DisassemblyInfo.cpp
  ExpressionEvaluator.Cx4.cpp
  ExpressionEvaluator.Gameboy.cpp
  ExpressionEvaluator.Gba.cpp
  ExpressionEvaluator.Gsu.cpp
  ExpressionEvaluator.NecDsp.cpp
  ExpressionEvaluator.Nes.cpp
  ExpressionEvaluator.Pce.cpp
  ExpressionEvaluator.Sms.cpp
  ExpressionEvaluator.Snes.cpp
  ExpressionEvaluator.Spc.cpp
  ExpressionEvaluator.St018.cpp
  ExpressionEvaluator.Ws.cpp
  ExpressionEvaluator.cpp
  LabelManager.cpp
  LuaApi.cpp
  MemoryAccessCounter.cpp
  MemoryDumper.cpp
  PpuTools.cpp
  Profiler.cpp
  ScriptManager.cpp
  ScriptingContext.cpp
  StepBackManager.cpp
  GbaApu.cpp
  GbaWaveChannel.cpp
  GbaCart.cpp
  DummyGbaCpu.cpp
  GbaDebugger.cpp
  GbaDisUtils.cpp
  GbaEventManager.cpp
  GbaPpuTools.cpp
  GbaTraceLogger.cpp
  GbaConsole.cpp
  GbaControlManager.cpp
  GbaCpu.Arm.cpp
  GbaCpu.Thumb.cpp
  GbaCpu.cpp
  GbaDefaultVideoFilter.cpp
  GbaDmaController.cpp
  GbaMemoryManager.cpp
  GbaPpu.cpp
  GbaTimer.cpp
  GbApu.cpp
  GbWaveChannel.cpp
  GameboyDisUtils.cpp
  GbDebugger.cpp
  GbEventManager.cpp
  GbPpuTools.cpp
  GbTraceLogger.cpp
  Gameboy.cpp
  GbControlManager.cpp
  GbCpu.cpp
  GbDefaultVideoFilter.cpp
  GbDmaController.cpp
  GbMemoryManager.cpp
  GbPpu.cpp
  DeltaModulationChannel.cpp
  NesApu.cpp
  BaseMapper.cpp
  BaseNesPpu.cpp
  BisqwitNtscFilter.cpp
  NesDebugger.cpp
  NesDisUtils.cpp
  NesEventManager.cpp
  NesPpuTools.cpp
  NesTraceLogger.cpp
  Pic18Debugger.cpp
  Epsm.cpp
  HdAudioDevice.cpp
  HdNesPack.cpp
  HdNesPpu.cpp
  HdPackBuilder.cpp
  HdPackLoader.cpp
  HdVideoFilter.cpp
  OggMixer.cpp
  OggReader.cpp
  FdsLoader.cpp
  MapperFactory.cpp
  Windows.vcxproj -> c:\proj\c\MesenCE-Squeedo\bin\win-x64\Release\Windows.lib
  Fds.cpp
  FdsAudio.cpp
  FdsInputButtons.cpp
  Rainbow.cpp
  NsfMapper.cpp
  Pic18Cpu.cpp
  Pic18Peripherals.cpp
  SerialPortBridge.cpp
  VsControlManager.cpp
  NesConsole.cpp
  NesControlManager.cpp
  NesCpu.cpp
  NesDefaultVideoFilter.cpp
  NesMemoryManager.cpp
  NesNtscFilter.cpp
  NesPpu.cpp
  NesSoundMixer.cpp
  GameClient.cpp
  GameClientConnection.cpp
  GameConnection.cpp
  GameServer.cpp
  GameServerConnection.cpp
  PceAdpcm.cpp
  PceArcadeCard.cpp
  PceCdAudioPlayer.cpp
  PceCdRom.cpp
  PceScsiBus.cpp
  PceDebugger.cpp
  PceDisUtils.cpp
  PceEventManager.cpp
  PceTraceLogger.cpp
  PceVdcTools.cpp
  PceTurboTap.cpp
  PceConsole.cpp
  PceControlManager.cpp
  PceCpu.Instructions.cpp
  PceCpu.cpp
  PceMemoryManager.cpp
  PceNtscFilter.cpp
  PcePsg.cpp
  PceSf2RomMapper.cpp
  PceTimer.cpp
  PceVce.cpp
  PceVdc.cpp
  PceVpc.cpp
  SmsCart.cpp
  SmsDebugger.cpp
  SmsDisUtils.cpp
  SmsEventManager.cpp
  SmsTraceLogger.cpp
  SmsVdpTools.cpp
  SmsBiosMapper.cpp
  SmsConsole.cpp
  SmsControlManager.cpp
  SmsCpu.cpp
  SmsFmAudio.cpp
  SmsMemoryManager.cpp
  SmsNtscFilter.cpp
  SmsPsg.cpp
  SmsVdp.cpp
  BaseCartridge.cpp
  BsxCart.cpp
  BsxMemoryPack.cpp
  BsxSatellaview.cpp
  BsxStream.cpp
  Cx4.cpp
  NecDsp.cpp
  Gsu.cpp
  Msu1.cpp
  Obc1.cpp
  Sa1.cpp
  Sa1Cpu.cpp
  Sdd1.cpp
  SuperGameboy.cpp
  Rtc4513.cpp
  Spc7110.cpp
  ArmV3Cpu.cpp
  St018.cpp
  Dsp.cpp
  DspVoice.cpp
  Cx4Debugger.cpp
  Cx4DisUtils.cpp
  DummyArmV3Cpu.cpp
  GsuDebugger.cpp
  GsuDisUtils.cpp
  NecDspDebugger.cpp
  NecDspDisUtils.cpp
  SnesDebugger.cpp
  SnesDisUtils.cpp
  SnesEventManager.cpp
  SnesPpuTools.cpp
  SpcDebugger.cpp
  SpcDisUtils.cpp
  St018Debugger.cpp
  St018DisUtils.cpp
  Cx4TraceLogger.cpp
  GsuTraceLogger.cpp
  NecDspTraceLogger.cpp
  SnesCpuTraceLogger.cpp
  SpcTraceLogger.cpp
  St018TraceLogger.cpp
  Multitap.cpp
  SnesBlueRetroController.cpp
  SnesController.cpp
  SnesNttDataKeypad.cpp
  SnesRumbleController.cpp
  InternalRegisters.cpp
  RegisterHandlerB.cpp
  SnesConsole.cpp
  SnesControlManager.cpp
  SnesCpu.cpp
  SnesDefaultVideoFilter.cpp
  SnesMemoryManager.cpp
  SnesNtscFilter.cpp
  SnesPpu.cpp
  Spc.Instructions.cpp
  Spc.cpp
  AudioPlayerHud.cpp
  SoundMixer.cpp
  SoundResampler.cpp
  BaseControlDevice.cpp
  BaseControlManager.cpp
  CheatManager.cpp
  DebuggerRequest.cpp
  EmuSettings.cpp
  Emulator.cpp
  EmulatorLock.cpp
  HistoryViewer.cpp
  InputHud.cpp
  KeyManager.cpp
  BizHawkMovie.cpp
  MesenMovie.cpp
  MovieManager.cpp
  MovieRecorder.cpp
  RecordedRomTest.cpp
  RewindData.cpp
  RewindManager.cpp
  SaveStateManager.cpp
  ShortcutKeyHandler.cpp
  S3511ARtc.cpp
  BaseVideoFilter.cpp
  DebugHud.cpp
  DebugStats.cpp
  DrawStringCommand.cpp
  RotateFilter.cpp
  ScaleFilter.cpp
  SoftwareRenderer.cpp
  SystemHud.cpp
  VideoDecoder.cpp
  VideoRenderer.cpp
  WsApu.cpp
  WsCart.cpp
  WsCartBandai2001.cpp
  WsCartBandai2003.cpp
  WsCartWonderWitch.cpp
  WsRtc.cpp
  DummyWsCpu.cpp
  WsDebugger.cpp
  WsDisUtils.cpp
  WsEventManager.cpp
  WsPpuTools.cpp
  WsTraceLogger.cpp
  WsConsole.cpp
  WsControlManager.cpp
  WsCpu.cpp
  WsCpuPrefetch.cpp
  WsDefaultVideoFilter.cpp
  WsDmaController.cpp
  WsEeprom.cpp
  WsMemoryManager.cpp
  WsPpu.cpp
  WsSerial.cpp
  WsTimer.cpp
  Core.vcxproj -> c:\proj\c\MesenCE-Squeedo\bin\win-x64\Release\Core.lib
  SevenZip.vcxproj -> c:\proj\c\MesenCE-Squeedo\bin\win-x64\Release\SevenZip.lib
  Lua.vcxproj -> c:\proj\c\MesenCE-Squeedo\bin\win-x64\Release\Lua.lib
  ConfigApiWrapper.cpp
  DebugApiWrapper.cpp
  EmuApiWrapper.cpp
  HistoryApiWrapper.cpp
  InputApiWrapper.cpp
  NetplayApiWrapper.cpp
  RecordApiWrapper.cpp
  TestApiWrapper.cpp
     Creating library c:\proj\c\MesenCE-Squeedo\\bin\win-x64\Release\MesenCore.lib and object c:\proj\c\MesenCE-Squeedo\\bin\win-x64\Release\MesenCore.exp
  Generating code
  17029 of 47314 functions (36.0%) were compiled, the rest were copied from previous compilation.
    32 functions were new in current compilation
    1493 functions had inline decision re-evaluated but remain unchanged
  Finished generating code
  InteropDLL.vcxproj -> c:\proj\c\MesenCE-Squeedo\bin\win-x64\Release\MesenCore.dll
